MPASM  5.51            MINIPROJECT_GROUP7.ASM   11-20-2018  18:05:00         PAGE  1


LOC  OBJECT CODE     LINE SOURCE TEXT
  VALUE

                      00001 
                      00002 
                      00003 
                      00004                                 LIST    P=18F4520, R=DEC        ;define processor, decimal radix
                      00005                                 #include <P18F4520.INC>         ;processor specific variable definitions
                      00001         LIST
                      00002 
                      00003 ;==========================================================================
                      00004 ;  MPASM PIC18F4520 processor include
                      00005 ; 
                      00006 ;  (c) Copyright 1999-2013 Microchip Technology, All rights reserved
                      00007 ;==========================================================================
                      00008 
                      01488         LIST
                      00006 
                      00007 
02 1F 1E 81 81 0F C0 000008                                 CONFIG  OSC = HS, WDT = OFF, LVP = OFF, PBADEN = OFF
       F E0 0F 40 
                      00009 
                      00010 
                      00011                                 CBLOCK  0x000
                      00012 
  00000000            00013                                 DELAY_H
  00000001            00014                                 DELAY_L
  00000002            00015                                 CHECK
  00000003            00016 KEYCODE
  00000004            00017 TEMP
  00000005            00018 STORE
                      00019                                 ENDC
                      00020 
                      00021 ;------------------------------------------------------------------------------
000000                00022                                 ORG             0x0000
000000 EF02 F000      00023                                 goto    Main                            ;go to start of main code
                      00024 
                      00025 ;------------------------------------------------------------------------------
                      00026 ;Start of main program
                      00027 ;
000004 0E0F           00028 Main:                   movlw   0x0F                            ;Set all Ports digital I/O
000006 6EC1           00029                                 movwf   ADCON1
000008 6A95           00030                                 clrf    TRISD
00000A 6A83           00031                                 clrf    PORTD
00000C 0EF0           00032                                 movlw   0xF0
00000E 6E94           00033                                 movwf   TRISC
000010 0E08           00034                                 movlw 0x08
000012 6ED5           00035                                 movwf T0CON
000014 EE00 F040      00036                                 LFSR 0,0x040
                      00037 
                      00038 
                      00039 
                      00040                 
000018 EC70 F000      00041 MainLoop:               call    KeyScan
00001C EC11 F000      00042                                 call    SOUND
000020 D7FB           00043                                 bra             MainLoop
MPASM  5.51            MINIPROJECT_GROUP7.ASM   11-20-2018  18:05:00         PAGE  2


LOC  OBJECT CODE     LINE SOURCE TEXT
  VALUE

                      00044 
                      00045 
000022 24E8           00046 SOUND:                  addwf   WREG, W
000024 26F9           00047                                 addwf   PCL, F
000026 D023           00048                                 bra no_input
000028 D087           00049                                 bra SOUND1 ; sound1-12 c4-g5
00002A D097           00050                                 bra SOUND2  
00002C D0A7           00051                                 bra SOUND3
00002E D0B7           00052                                 bra SOUND4
000030 D0C7           00053                                 bra SOUND5
000032 D0D7           00054                                 bra SOUND6      
000034 D0E7           00055                                 bra SOUND7
000036 D0F7           00056                                 bra SOUND8
000038 D107           00057                                 bra SOUND9
00003A D117           00058                                 bra SOUND10
00003C D127           00059                                 bra SOUND11
00003E D137           00060                                 bra SOUND12
000040 D024           00061                                 bra START
000042 D026           00062                                 bra STOP
000044 D035           00063                                 bra PLAY        
000046 D027           00064                                 bra CLEAR
                      00065 
000048 24E8           00066 PLAYSOUND:              addwf   WREG, W
00004A 26F9           00067                                 addwf   PCL, F
00004C D010           00068                                 bra no_input
00004E D074           00069                                 bra SOUND1
000050 D084           00070                                 bra SOUND2
000052 D094           00071                                 bra SOUND3
000054 D0A4           00072                                 bra SOUND4
000056 D0B4           00073                                 bra SOUND5
000058 D0C4           00074                                 bra SOUND6      
00005A D0D4           00075                                 bra SOUND7
00005C D0E4           00076                                 bra SOUND8
00005E D0F4           00077                                 bra SOUND9
000060 D104           00078                                 bra SOUND10
000062 D114           00079                                 bra SOUND11
000064 D124           00080                                 bra SOUND12
000066 D011           00081                 bra START
000068 D013           00082                                 bra STOP
00006A D022           00083                                 bra PLAY        
00006C D014           00084                 bra CLEAR
                      00085                
00006E 0E17           00086 no_input:               movlw 0x17
000070 6E04           00087                                 movwf TEMP 
000072 0E00           00088                                 movlw   0x00
000074 6202           00089                                 cpfseq CHECK
000076 EC40 F000      00090                                 call DOUBLE_CHECK
00007A 0E5B           00091                                 movlw 0x5B
00007C 6E83           00092                                 movwf PORTD
00007E 0012           00093                                 return
                      00094                                 
000080 0E17           00095 DOUBLE_CHECK:   movlw 0x17
000082 62EF           00096                                 cpfseq INDF0
MPASM  5.51            MINIPROJECT_GROUP7.ASM   11-20-2018  18:05:00         PAGE  3


LOC  OBJECT CODE     LINE SOURCE TEXT
  VALUE

000084 C004 FFEF      00097                                 movff TEMP,INDF0
000088 0012           00098                                 return
                      00099                                 
00008A 0E01           00100 START:                  movlw 0x01
00008C 6E02           00101                                 movwf CHECK
00008E 0012           00102                                 return
                      00103                                 
000090 0E00           00104 STOP:                   movlw 0x00
000092 6E02           00105                                 movwf CHECK
000094 0012           00106                                 return
                      00107                                 
000096 0E00           00108 CLEAR:                  movlw 0x00
000098 6EEA           00109                                 movwf FSR0H
00009A 0E3F           00110                                 movlw 0x3F
00009C 6EE9           00111                                 movwf FSR0L
00009E 66EC           00112 CLEARLOOP:              tstfsz PREINC0
0000A0 D005           00113                                 bra CLEARINSIDE
0000A2 0E00           00114                                 movlw 0x00
0000A4 6EEA           00115                                 movwf FSR0H
0000A6 0E40           00116                                 movlw 0x40
0000A8 6EE9           00117                                 movwf FSR0L
0000AA 0012           00118                                 return
                      00119                                 
0000AC 6AEF           00120 CLEARINSIDE:    clrf INDF0
0000AE D7F7           00121                                 bra CLEARLOOP
                      00122                                 
0000B0 0E00           00123 PLAY:                   movlw 0x00
0000B2 6EEA           00124                                 movwf FSR0H
0000B4 0E40           00125                                 movlw 0x40
0000B6 6EE9           00126                                 movwf FSR0L
0000B8 CFEF F005      00127 Loop:                   movff INDF0,STORE
0000BC CFEE FFE8      00128                                 movff POSTINC0,WREG
0000C0 EC24 F000      00129                                 call PLAYSOUND
0000C4 C005 FFE8      00130                                 movff STORE, WREG
0000C8 62EF           00131                                 cpfseq INDF0
0000CA D002           00132                                 bra PLAYINSIDE
0000CC D7F5           00133                                 bra Loop
0000CE 0012           00134                                 return
                      00135                                 
0000D0 66EF           00136 PLAYINSIDE:     tstfsz INDF0
0000D2 D001           00137                                 bra PLAYDELAY
0000D4 0012           00138                                 return
                      00139                                 
0000D6 EC37 F000      00140 PLAYDELAY:              call no_input 
0000DA EC68 F001      00141                                 call Delay
0000DE D7EC           00142                                 bra Loop
                      00143                                 
                      00144 
                      00145 
0000E0 6A03           00146 KeyScan:                clrf    KEYCODE
0000E2 6882           00147                                 setf    PORTC
0000E4 9082           00148                                 bcf             PORTC, RC0
0000E6 EC93 F000      00149                                 call    DetectCol
MPASM  5.51            MINIPROJECT_GROUP7.ASM   11-20-2018  18:05:00         PAGE  4


LOC  OBJECT CODE     LINE SOURCE TEXT
  VALUE

0000EA 52E8           00150                                 movf    WREG, F
0000EC E11A           00151                                 bnz             Output
0000EE 0E04           00152                                 movlw   0x04
0000F0 2603           00153                                 addwf   KEYCODE
0000F2 6882           00154                                 setf    PORTC
0000F4 9282           00155                                 bcf             PORTC, RC1
0000F6 EC93 F000      00156                                 call    DetectCol
0000FA 52E8           00157                                 movf    WREG, F
0000FC E112           00158                                 bnz             Output
0000FE 0E04           00159                                 movlw   0x04
000100 2603           00160                                 addwf   KEYCODE
000102 6882           00161                                 setf    PORTC
000104 9482           00162                                 bcf             PORTC, RC2
000106 EC93 F000      00163                                 call    DetectCol
00010A 52E8           00164                                 movf    WREG, F
00010C E10A           00165                                 bnz             Output
00010E 0E04           00166                                 movlw   0x04
000110 2603           00167                                 addwf   KEYCODE
000112 6882           00168                                 setf    PORTC
000114 9682           00169                                 bcf             PORTC, RC3
000116 EC93 F000      00170                                 call    DetectCol
00011A 52E8           00171                                 movf    WREG, F
00011C E001           00172                                 bz              ret
00011E E101           00173                                 bnz             Output
                      00174 
000120 0012           00175 ret:                    return
                      00176 
000122 2403           00177 Output:                 addwf   KEYCODE, W
000124 0012           00178                                 return
                      00179 
000126 A882           00180 DetectCol:              btfss   PORTC, RC4
000128 0C01           00181                                 retlw   0x01
00012A AA82           00182                                 btfss   PORTC, RC5
00012C 0C02           00183                                 retlw   0x02
00012E AC82           00184                                 btfss   PORTC, RC6
000130 0C03           00185                                 retlw   0x03
000132 AE82           00186                                 btfss   PORTC, RC7
000134 0C04           00187                                 retlw   0x04
000136 0C00           00188                                 retlw   0x00
                      00189 
                      00190 
000138 0E01           00191 SOUND1: movlw 0x01
Warning[203]: Found opcode in column 1. (movwf)
00013A 6E04           00192 movwf TEMP 
Warning[203]: Found opcode in column 1. (movlw)
00013C 0E00           00193 movlw   0x00
Warning[203]: Found opcode in column 1. (cpfseq)
00013E 6202           00194 cpfseq CHECK
Warning[203]: Found opcode in column 1. (movff)
000140 C004 FFEC      00195 movff TEMP,PREINC0                              
Warning[203]: Found opcode in column 1. (movlw)
000144 0EF8           00196 movlw 0xF8
Warning[203]: Found opcode in column 1. (movwf)
MPASM  5.51            MINIPROJECT_GROUP7.ASM   11-20-2018  18:05:00         PAGE  5


LOC  OBJECT CODE     LINE SOURCE TEXT
  VALUE

000146 6ED7           00197 movwf TMR0H
Warning[203]: Found opcode in column 1. (movlw)
000148 0E88           00198 movlw 0x88
Warning[203]: Found opcode in column 1. (movwf)
00014A 6ED6           00199 movwf TMR0L
Warning[203]: Found opcode in column 1. (bcf)
00014C 94F2           00200 bcf INTCON,TMR0IF
Warning[203]: Found opcode in column 1. (comf)
00014E 1E83           00201 comf PORTD
Warning[203]: Found opcode in column 1. (bsf)
000150 8ED5           00202 bsf T0CON, TMR0ON
000152 A4F2           00203 SOUND1_LOOP: btfss INTCON, TMR0IF
Warning[203]: Found opcode in column 1. (bra)
000154 D7FE           00204 bra SOUND1_LOOP
Warning[203]: Found opcode in column 1. (bcf)
000156 9ED5           00205 bcf T0CON,TMR0ON
Warning[203]: Found opcode in column 1. (RETURN)
000158 0012           00206 RETURN
                      00207 
                      00208 
                      00209 
00015A 0E02           00210 SOUND2: movlw 0x02
Warning[203]: Found opcode in column 1. (movwf)
00015C 6E04           00211 movwf TEMP 
Warning[203]: Found opcode in column 1. (movlw)
00015E 0E00           00212 movlw   0x00
Warning[203]: Found opcode in column 1. (cpfseq)
000160 6202           00213 cpfseq CHECK
Warning[203]: Found opcode in column 1. (movff)
000162 C004 FFEC      00214 movff TEMP,PREINC0                              
Warning[203]: Found opcode in column 1. (movlw)
000166 0EF9           00215 movlw 0xF9
Warning[203]: Found opcode in column 1. (movwf)
000168 6ED7           00216 movwf TMR0H
Warning[203]: Found opcode in column 1. (movlw)
00016A 0E59           00217 movlw 0x59
Warning[203]: Found opcode in column 1. (movwf)
00016C 6ED6           00218 movwf TMR0L
Warning[203]: Found opcode in column 1. (bcf)
00016E 94F2           00219 bcf INTCON,TMR0IF
Warning[203]: Found opcode in column 1. (comf)
000170 1E83           00220 comf PORTD
Warning[203]: Found opcode in column 1. (bsf)
000172 8ED5           00221 bsf T0CON, TMR0ON
000174 A4F2           00222 SOUND2_LOOP: btfss INTCON, TMR0IF
Warning[203]: Found opcode in column 1. (bra)
000176 D7FE           00223 bra SOUND2_LOOP
Warning[203]: Found opcode in column 1. (bcf)
000178 9ED5           00224 bcf T0CON,TMR0ON
Warning[203]: Found opcode in column 1. (RETURN)
00017A 0012           00225 RETURN
                      00226 
00017C 0E03           00227 SOUND3: movlw 0x03
MPASM  5.51            MINIPROJECT_GROUP7.ASM   11-20-2018  18:05:00         PAGE  6


LOC  OBJECT CODE     LINE SOURCE TEXT
  VALUE

Warning[203]: Found opcode in column 1. (movwf)
00017E 6E04           00228 movwf TEMP 
Warning[203]: Found opcode in column 1. (movlw)
000180 0E00           00229 movlw   0x00
Warning[203]: Found opcode in column 1. (cpfseq)
000182 6202           00230 cpfseq CHECK
Warning[203]: Found opcode in column 1. (movff)
000184 C004 FFEC      00231 movff TEMP,PREINC0                              
Warning[203]: Found opcode in column 1. (movlw)
000188 0EFA           00232 movlw 0xFA
Warning[203]: Found opcode in column 1. (movwf)
00018A 6ED7           00233 movwf TMR0H
Warning[203]: Found opcode in column 1. (movlw)
00018C 0E13           00234 movlw 0x13
Warning[203]: Found opcode in column 1. (movwf)
00018E 6ED6           00235 movwf TMR0L
Warning[203]: Found opcode in column 1. (bcf)
000190 94F2           00236 bcf INTCON,TMR0IF
Warning[203]: Found opcode in column 1. (comf)
000192 1E83           00237 comf PORTD
Warning[203]: Found opcode in column 1. (bsf)
000194 8ED5           00238 bsf T0CON, TMR0ON
000196 A4F2           00239 SOUND3_LOOP: btfss INTCON, TMR0IF
Warning[203]: Found opcode in column 1. (bra)
000198 D7FE           00240 bra SOUND3_LOOP
Warning[203]: Found opcode in column 1. (bcf)
00019A 9ED5           00241 bcf T0CON,TMR0ON
Warning[203]: Found opcode in column 1. (RETURN)
00019C 0012           00242 RETURN
                      00243 
                      00244 
                      00245 
00019E 0E04           00246 SOUND4: movlw 0x04
Warning[203]: Found opcode in column 1. (movwf)
0001A0 6E04           00247 movwf TEMP 
Warning[203]: Found opcode in column 1. (movlw)
0001A2 0E00           00248 movlw   0x00
Warning[203]: Found opcode in column 1. (cpfseq)
0001A4 6202           00249 cpfseq CHECK
Warning[203]: Found opcode in column 1. (movff)
0001A6 C004 FFEC      00250 movff TEMP,PREINC0                              
Warning[203]: Found opcode in column 1. (movlw)
0001AA 0EFA           00251 movlw 0xFA
Warning[203]: Found opcode in column 1. (movwf)
0001AC 6ED7           00252 movwf TMR0H
Warning[203]: Found opcode in column 1. (movlw)
0001AE 0E68           00253 movlw 0x68
Warning[203]: Found opcode in column 1. (movwf)
0001B0 6ED6           00254 movwf TMR0L
Warning[203]: Found opcode in column 1. (bcf)
0001B2 94F2           00255 bcf INTCON,TMR0IF
Warning[203]: Found opcode in column 1. (comf)
0001B4 1E83           00256 comf PORTD
MPASM  5.51            MINIPROJECT_GROUP7.ASM   11-20-2018  18:05:00         PAGE  7


LOC  OBJECT CODE     LINE SOURCE TEXT
  VALUE

Warning[203]: Found opcode in column 1. (bsf)
0001B6 8ED5           00257 bsf T0CON, TMR0ON
0001B8 A4F2           00258 SOUND4_LOOP: btfss INTCON, TMR0IF
Warning[203]: Found opcode in column 1. (bra)
0001BA D7FE           00259 bra SOUND4_LOOP
Warning[203]: Found opcode in column 1. (bcf)
0001BC 9ED5           00260 bcf T0CON,TMR0ON
Warning[203]: Found opcode in column 1. (RETURN)
0001BE 0012           00261 RETURN
                      00262 
0001C0 0E05           00263 SOUND5: movlw 0x05
Warning[203]: Found opcode in column 1. (movwf)
0001C2 6E04           00264 movwf TEMP 
Warning[203]: Found opcode in column 1. (movlw)
0001C4 0E00           00265 movlw   0x00
Warning[203]: Found opcode in column 1. (cpfseq)
0001C6 6202           00266 cpfseq CHECK
Warning[203]: Found opcode in column 1. (movff)
0001C8 C004 FFEC      00267 movff TEMP,PREINC0                              
Warning[203]: Found opcode in column 1. (movlw)
0001CC 0EFB           00268 movlw 0xFB
Warning[203]: Found opcode in column 1. (movwf)
0001CE 6ED7           00269 movwf TMR0H
Warning[203]: Found opcode in column 1. (movlw)
0001D0 0E04           00270 movlw 0x04
Warning[203]: Found opcode in column 1. (movwf)
0001D2 6ED6           00271 movwf TMR0L
Warning[203]: Found opcode in column 1. (bcf)
0001D4 94F2           00272 bcf INTCON,TMR0IF
Warning[203]: Found opcode in column 1. (comf)
0001D6 1E83           00273 comf PORTD
Warning[203]: Found opcode in column 1. (bsf)
0001D8 8ED5           00274 bsf T0CON, TMR0ON
0001DA A4F2           00275 SOUND5_LOOP: btfss INTCON, TMR0IF
Warning[203]: Found opcode in column 1. (bra)
0001DC D7FE           00276 bra SOUND5_LOOP
Warning[203]: Found opcode in column 1. (bcf)
0001DE 9ED5           00277 bcf T0CON,TMR0ON
Warning[203]: Found opcode in column 1. (RETURN)
0001E0 0012           00278 RETURN
                      00279 
                      00280 
                      00281 
0001E2 0E06           00282 SOUND6: movlw 0x06
Warning[203]: Found opcode in column 1. (movwf)
0001E4 6E04           00283 movwf TEMP 
Warning[203]: Found opcode in column 1. (movlw)
0001E6 0E00           00284 movlw   0x00
Warning[203]: Found opcode in column 1. (cpfseq)
0001E8 6202           00285 cpfseq CHECK
Warning[203]: Found opcode in column 1. (movff)
0001EA C004 FFEC      00286 movff TEMP,PREINC0                              
Warning[203]: Found opcode in column 1. (movlw)
MPASM  5.51            MINIPROJECT_GROUP7.ASM   11-20-2018  18:05:00         PAGE  8


LOC  OBJECT CODE     LINE SOURCE TEXT
  VALUE

0001EE 0EFB           00287 movlw 0xFB
Warning[203]: Found opcode in column 1. (movwf)
0001F0 6ED7           00288 movwf TMR0H
Warning[203]: Found opcode in column 1. (movlw)
0001F2 0E8F           00289 movlw 0x8F
Warning[203]: Found opcode in column 1. (movwf)
0001F4 6ED6           00290 movwf TMR0L
Warning[203]: Found opcode in column 1. (bcf)
0001F6 94F2           00291 bcf INTCON,TMR0IF
Warning[203]: Found opcode in column 1. (comf)
0001F8 1E83           00292 comf PORTD
Warning[203]: Found opcode in column 1. (bsf)
0001FA 8ED5           00293 bsf T0CON, TMR0ON
0001FC A4F2           00294 SOUND6_LOOP: btfss INTCON, TMR0IF
Warning[203]: Found opcode in column 1. (bra)
0001FE D7FE           00295 bra SOUND6_LOOP
Warning[203]: Found opcode in column 1. (bcf)
000200 9ED5           00296 bcf T0CON,TMR0ON
Warning[203]: Found opcode in column 1. (RETURN)
000202 0012           00297 RETURN
                      00298 
000204 0E07           00299 SOUND7: movlw 0x07
Warning[203]: Found opcode in column 1. (movwf)
000206 6E04           00300 movwf TEMP 
Warning[203]: Found opcode in column 1. (movlw)
000208 0E00           00301 movlw   0x00
Warning[203]: Found opcode in column 1. (cpfseq)
00020A 6202           00302 cpfseq CHECK
Warning[203]: Found opcode in column 1. (movff)
00020C C004 FFEC      00303 movff TEMP,PREINC0                              
Warning[203]: Found opcode in column 1. (movlw)
000210 0EFC           00304 movlw 0xFC
Warning[203]: Found opcode in column 1. (movwf)
000212 6ED7           00305 movwf TMR0H
Warning[203]: Found opcode in column 1. (movlw)
000214 0E0B           00306 movlw 0x0B
Warning[203]: Found opcode in column 1. (movwf)
000216 6ED6           00307 movwf TMR0L
Warning[203]: Found opcode in column 1. (bcf)
000218 94F2           00308 bcf INTCON,TMR0IF
Warning[203]: Found opcode in column 1. (comf)
00021A 1E83           00309 comf PORTD
Warning[203]: Found opcode in column 1. (bsf)
00021C 8ED5           00310 bsf T0CON, TMR0ON
00021E A4F2           00311 SOUND7_LOOP: btfss INTCON, TMR0IF
Warning[203]: Found opcode in column 1. (bra)
000220 D7FE           00312 bra SOUND7_LOOP
Warning[203]: Found opcode in column 1. (bcf)
000222 9ED5           00313 bcf T0CON,TMR0ON
Warning[203]: Found opcode in column 1. (RETURN)
000224 0012           00314 RETURN
                      00315 
                      00316 
MPASM  5.51            MINIPROJECT_GROUP7.ASM   11-20-2018  18:05:00         PAGE  9


LOC  OBJECT CODE     LINE SOURCE TEXT
  VALUE

                      00317 
000226 0E08           00318 SOUND8: movlw 0x08
Warning[203]: Found opcode in column 1. (movwf)
000228 6E04           00319 movwf TEMP 
Warning[203]: Found opcode in column 1. (movlw)
00022A 0E00           00320 movlw   0x00
Warning[203]: Found opcode in column 1. (cpfseq)
00022C 6202           00321 cpfseq CHECK
Warning[203]: Found opcode in column 1. (movff)
00022E C004 FFEC      00322 movff TEMP,PREINC0                              
Warning[203]: Found opcode in column 1. (movlw)
000232 0EFC           00323 movlw 0xFC
Warning[203]: Found opcode in column 1. (movwf)
000234 6ED7           00324 movwf TMR0H
Warning[203]: Found opcode in column 1. (movlw)
000236 0E44           00325 movlw 0x44
Warning[203]: Found opcode in column 1. (movwf)
000238 6ED6           00326 movwf TMR0L
Warning[203]: Found opcode in column 1. (bcf)
00023A 94F2           00327 bcf INTCON,TMR0IF
Warning[203]: Found opcode in column 1. (comf)
00023C 1E83           00328 comf PORTD
Warning[203]: Found opcode in column 1. (bsf)
00023E 8ED5           00329 bsf T0CON, TMR0ON
000240 A4F2           00330 SOUND8_LOOP: btfss INTCON, TMR0IF
Warning[203]: Found opcode in column 1. (bra)
000242 D7FE           00331 bra SOUND8_LOOP
Warning[203]: Found opcode in column 1. (bcf)
000244 9ED5           00332 bcf T0CON,TMR0ON
Warning[203]: Found opcode in column 1. (RETURN)
000246 0012           00333 RETURN
                      00334 
000248 0E09           00335 SOUND9: movlw 0x09
Warning[203]: Found opcode in column 1. (movwf)
00024A 6E04           00336 movwf TEMP 
Warning[203]: Found opcode in column 1. (movlw)
00024C 0E00           00337 movlw   0x00
Warning[203]: Found opcode in column 1. (cpfseq)
00024E 6202           00338 cpfseq CHECK
Warning[203]: Found opcode in column 1. (movff)
000250 C004 FFEC      00339 movff TEMP,PREINC0                              
Warning[203]: Found opcode in column 1. (movlw)
000254 0EFC           00340 movlw 0xFC
Warning[203]: Found opcode in column 1. (movwf)
000256 6ED7           00341 movwf TMR0H
Warning[203]: Found opcode in column 1. (movlw)
000258 0EAC           00342 movlw 0xAC
Warning[203]: Found opcode in column 1. (movwf)
00025A 6ED6           00343 movwf TMR0L
Warning[203]: Found opcode in column 1. (bcf)
00025C 94F2           00344 bcf INTCON,TMR0IF
Warning[203]: Found opcode in column 1. (comf)
00025E 1E83           00345 comf PORTD
MPASM  5.51            MINIPROJECT_GROUP7.ASM   11-20-2018  18:05:00         PAGE 10


LOC  OBJECT CODE     LINE SOURCE TEXT
  VALUE

Warning[203]: Found opcode in column 1. (bsf)
000260 8ED5           00346 bsf T0CON, TMR0ON
000262 A4F2           00347 SOUND9_LOOP: btfss INTCON, TMR0IF
Warning[203]: Found opcode in column 1. (bra)
000264 D7FE           00348 bra SOUND9_LOOP
Warning[203]: Found opcode in column 1. (bcf)
000266 9ED5           00349 bcf T0CON,TMR0ON
Warning[203]: Found opcode in column 1. (RETURN)
000268 0012           00350 RETURN
                      00351 
                      00352 
                      00353 
00026A 0E0A           00354 SOUND10: movlw 0x0A
Warning[203]: Found opcode in column 1. (movwf)
00026C 6E04           00355 movwf TEMP 
Warning[203]: Found opcode in column 1. (movlw)
00026E 0E00           00356 movlw   0x00
Warning[203]: Found opcode in column 1. (cpfseq)
000270 6202           00357 cpfseq CHECK
Warning[203]: Found opcode in column 1. (movff)
000272 C004 FFEC      00358 movff TEMP,PREINC0                              
Warning[203]: Found opcode in column 1. (movlw)
000276 0EFD           00359 movlw 0xFD
Warning[203]: Found opcode in column 1. (movwf)
000278 6ED7           00360 movwf TMR0H
Warning[203]: Found opcode in column 1. (movlw)
00027A 0E09           00361 movlw 0x09
Warning[203]: Found opcode in column 1. (movwf)
00027C 6ED6           00362 movwf TMR0L
Warning[203]: Found opcode in column 1. (bcf)
00027E 94F2           00363 bcf INTCON,TMR0IF
Warning[203]: Found opcode in column 1. (comf)
000280 1E83           00364 comf PORTD
Warning[203]: Found opcode in column 1. (bsf)
000282 8ED5           00365 bsf T0CON, TMR0ON
000284 A4F2           00366 SOUND10_LOOP: btfss INTCON, TMR0IF
Warning[203]: Found opcode in column 1. (bra)
000286 D7FE           00367 bra SOUND10_LOOP
Warning[203]: Found opcode in column 1. (bcf)
000288 9ED5           00368 bcf T0CON,TMR0ON
Warning[203]: Found opcode in column 1. (RETURN)
00028A 0012           00369 RETURN
                      00370 
00028C 0E0B           00371 SOUND11: movlw 0x0B
Warning[203]: Found opcode in column 1. (movwf)
00028E 6E04           00372 movwf TEMP 
Warning[203]: Found opcode in column 1. (movlw)
000290 0E00           00373 movlw   0x00
Warning[203]: Found opcode in column 1. (cpfseq)
000292 6202           00374 cpfseq CHECK
Warning[203]: Found opcode in column 1. (movff)
000294 C004 FFEC      00375 movff TEMP,PREINC0                              
Warning[203]: Found opcode in column 1. (movlw)
MPASM  5.51            MINIPROJECT_GROUP7.ASM   11-20-2018  18:05:00         PAGE 11


LOC  OBJECT CODE     LINE SOURCE TEXT
  VALUE

000298 0EFD           00376 movlw 0xFD
Warning[203]: Found opcode in column 1. (movwf)
00029A 6ED7           00377 movwf TMR0H
Warning[203]: Found opcode in column 1. (movlw)
00029C 0E34           00378 movlw 0x34
Warning[203]: Found opcode in column 1. (movwf)
00029E 6ED6           00379 movwf TMR0L
Warning[203]: Found opcode in column 1. (bcf)
0002A0 94F2           00380 bcf INTCON,TMR0IF
Warning[203]: Found opcode in column 1. (comf)
0002A2 1E83           00381 comf PORTD
Warning[203]: Found opcode in column 1. (bsf)
0002A4 8ED5           00382 bsf T0CON, TMR0ON
0002A6 A4F2           00383 SOUND11_LOOP: btfss INTCON, TMR0IF
Warning[203]: Found opcode in column 1. (bra)
0002A8 D7FE           00384 bra SOUND11_LOOP
Warning[203]: Found opcode in column 1. (bcf)
0002AA 9ED5           00385 bcf T0CON,TMR0ON
Warning[203]: Found opcode in column 1. (RETURN)
0002AC 0012           00386 RETURN
                      00387 
                      00388 
                      00389 
0002AE 0E0C           00390 SOUND12: movlw 0x0C
Warning[203]: Found opcode in column 1. (movwf)
0002B0 6E04           00391 movwf TEMP 
Warning[203]: Found opcode in column 1. (movlw)
0002B2 0E00           00392 movlw   0x00
Warning[203]: Found opcode in column 1. (cpfseq)
0002B4 6202           00393 cpfseq CHECK
Warning[203]: Found opcode in column 1. (movff)
0002B6 C004 FFEC      00394 movff TEMP,PREINC0                              
Warning[203]: Found opcode in column 1. (movlw)
0002BA 0EFD           00395 movlw 0xFD
Warning[203]: Found opcode in column 1. (movwf)
0002BC 6ED7           00396 movwf TMR0H
Warning[203]: Found opcode in column 1. (movlw)
0002BE 0E82           00397 movlw 0x82
Warning[203]: Found opcode in column 1. (movwf)
0002C0 6ED6           00398 movwf TMR0L
Warning[203]: Found opcode in column 1. (bcf)
0002C2 94F2           00399 bcf INTCON,TMR0IF
Warning[203]: Found opcode in column 1. (comf)
0002C4 1E83           00400 comf PORTD
Warning[203]: Found opcode in column 1. (bsf)
0002C6 8ED5           00401 bsf T0CON, TMR0ON
0002C8 A4F2           00402 SOUND12_LOOP: btfss INTCON, TMR0IF
Warning[203]: Found opcode in column 1. (bra)
0002CA D7FE           00403 bra SOUND12_LOOP
Warning[203]: Found opcode in column 1. (bcf)
0002CC 9ED5           00404 bcf T0CON,TMR0ON
Warning[203]: Found opcode in column 1. (RETURN)
0002CE 0012           00405 RETURN
MPASM  5.51            MINIPROJECT_GROUP7.ASM   11-20-2018  18:05:00         PAGE 12


LOC  OBJECT CODE     LINE SOURCE TEXT
  VALUE

                      00406 
                      00407 
                      00408 
                      00409 
                      00410 
                      00411 
                      00412 ;.......................................
0002D0 0ECC           00413 Delay:                  movlw 0xCC
0002D2 6E00           00414                                 movwf   DELAY_H
0002D4 6E01           00415                                 movwf   DELAY_L
0002D6 2E01           00416 DelayLoop:              decfsz  DELAY_L
0002D8 D7FE           00417                                 bra             DelayLoop
0002DA 2E00           00418                                 decfsz  DELAY_H
0002DC D7FC           00419                                 bra             DelayLoop
                      00420 
                      00421                 
0002DE 0012           00422                                 return
                      00423 
                      00424                 END
MPASM  5.51            MINIPROJECT_GROUP7.ASM   11-20-2018  18:05:00         PAGE 13


SYMBOL TABLE
  LABEL                             VALUE 

A                                 00000000
ABDEN                             00000000
ABDOVF                            00000007
ACCESS                            00000000
ACKDT                             00000005
ACKEN                             00000004
ACKSTAT                           00000006
ACQT0                             00000003
ACQT1                             00000004
ACQT2                             00000005
ADCON0                            00000FC2
ADCON1                            00000FC1
ADCON2                            00000FC0
ADCS0                             00000000
ADCS1                             00000001
ADCS2                             00000002
ADDEN                             00000003
ADEN                              00000003
ADFM                              00000007
ADIE                              00000006
ADIF                              00000006
ADIP                              00000006
ADMSK1                            00000001
ADMSK2                            00000002
ADMSK3                            00000003
ADMSK4                            00000004
ADMSK5                            00000005
ADON                              00000000
ADRES                             00000FC3
ADRESH                            00000FC4
ADRESL                            00000FC3
AN0                               00000000
AN1                               00000001
AN10                              00000001
AN11                              00000004
AN12                              00000000
AN2                               00000002
AN3                               00000003
AN4                               00000005
AN5                               00000000
AN6                               00000001
AN7                               00000002
AN8                               00000002
AN9                               00000003
BANKED                            00000001
BAUDCON                           00000FB8
BAUDCTL                           00000FB8
BCLIE                             00000003
BCLIF                             00000003
BCLIP                             00000003
BF                                00000000
BGST                              00000005
BOR                               00000000
MPASM  5.51            MINIPROJECT_GROUP7.ASM   11-20-2018  18:05:00         PAGE 14


SYMBOL TABLE
  LABEL                             VALUE 

BRG16                             00000003
BRGH                              00000002
BSR                               00000FE0
C                                 00000000
C1INV                             00000004
C1OUT_CMCON                       00000006
C1OUT_PORTA                       00000004
C2INV                             00000005
C2OUT_CMCON                       00000007
C2OUT_PORTA                       00000005
CCP1                              00000002
CCP1CON                           00000FBD
CCP1IE                            00000002
CCP1IF                            00000002
CCP1IP                            00000002
CCP1M0                            00000000
CCP1M1                            00000001
CCP1M2                            00000002
CCP1M3                            00000003
CCP1X                             00000005
CCP1Y                             00000004
CCP2CON                           00000FBA
CCP2IE                            00000000
CCP2IF                            00000000
CCP2IP                            00000000
CCP2M0                            00000000
CCP2M1                            00000001
CCP2M2                            00000002
CCP2M3                            00000003
CCP2X                             00000005
CCP2Y                             00000004
CCP2_PORTB                        00000003
CCP2_PORTC                        00000001
CCPR1                             00000FBE
CCPR1H                            00000FBF
CCPR1L                            00000FBE
CCPR2                             00000FBB
CCPR2H                            00000FBC
CCPR2L                            00000FBB
CFGS                              00000006
CHECK                             00000002
CHS0                              00000002
CHS1                              00000003
CHS2                              00000004
CHS3                              00000005
CIS                               00000003
CK                                00000006
CKE                               00000006
CKP                               00000004
CLEAR                             00000096
CLEARINSIDE                       000000AC
CLEARLOOP                         0000009E
CLKI                              00000007
MPASM  5.51            MINIPROJECT_GROUP7.ASM   11-20-2018  18:05:00         PAGE 15


SYMBOL TABLE
  LABEL                             VALUE 

CLKO                              00000006
CM0                               00000000
CM1                               00000001
CM2                               00000002
CMCON                             00000FB4
CMIE                              00000006
CMIF                              00000006
CMIP                              00000006
CREN                              00000004
CS                                00000002
CSRC                              00000007
CVR0                              00000000
CVR1                              00000001
CVR2                              00000002
CVR3                              00000003
CVRCON                            00000FB5
CVREF                             00000002
CVREN                             00000007
CVROE                             00000006
CVRR                              00000005
CVRSS                             00000004
D                                 00000005
DC                                00000001
DC1B0                             00000004
DC1B1                             00000005
DC2B0                             00000004
DC2B1                             00000005
DDRA                              TRISA
DDRB                              TRISB
DDRC                              TRISC
DDRD                              TRISD
DDRE                              TRISE
DELAY_H                           00000000
DELAY_L                           00000001
DONE                              00000001
DOUBLE_CHECK                      00000080
D_A                               00000005
D_NOT_A                           00000005
Delay                             000002D0
DelayLoop                         000002D6
DetectCol                         00000126
ECCP1AS                           00000FB6
ECCP1DEL                          00000FB7
ECCPAS                            00000FB6
ECCPAS0                           00000004
ECCPAS1                           00000005
ECCPAS2                           00000006
ECCPASE                           00000007
EEADR                             00000FA9
EECON1                            00000FA6
EECON2                            00000FA7
EEDATA                            00000FA8
EEIE                              00000004
MPASM  5.51            MINIPROJECT_GROUP7.ASM   11-20-2018  18:05:00         PAGE 16


SYMBOL TABLE
  LABEL                             VALUE 

EEIF                              00000004
EEIP                              00000004
EEPGD                             00000007
FAST                              00000001
FERR                              00000002
FLT0                              00000000
FLTS                              00000002
FREE                              00000004
FSR0                              00000000
FSR0H                             00000FEA
FSR0L                             00000FE9
FSR1                              00000001
FSR1H                             00000FE2
FSR1L                             00000FE1
FSR2                              00000002
FSR2H                             00000FDA
FSR2L                             00000FD9
GCEN                              00000007
GIE                               00000007
GIEH                              00000007
GIEL                              00000006
GIE_GIEH                          00000007
GO                                00000001
GO_DONE                           00000001
GO_NOT_DONE                       00000001
HLVDCON                           00000FD2
HLVDEN                            00000004
HLVDIE                            00000002
HLVDIF                            00000002
HLVDIN                            00000005
HLVDIP                            00000002
HLVDL0                            00000000
HLVDL1                            00000001
HLVDL2                            00000002
HLVDL3                            00000003
IBF                               00000007
IBOV                              00000005
IDLEN                             00000007
INDF0                             00000FEF
INDF1                             00000FE7
INDF2                             00000FDF
INT0                              00000000
INT0E                             00000004
INT0F                             00000001
INT0IE                            00000004
INT0IF                            00000001
INT1                              00000001
INT1E                             00000003
INT1F                             00000000
INT1IE                            00000003
INT1IF                            00000000
INT1IP                            00000006
INT1P                             00000006
MPASM  5.51            MINIPROJECT_GROUP7.ASM   11-20-2018  18:05:00         PAGE 17


SYMBOL TABLE
  LABEL                             VALUE 

INT2                              00000002
INT2E                             00000004
INT2F                             00000001
INT2IE                            00000004
INT2IF                            00000001
INT2IP                            00000007
INT2P                             00000007
INTCON                            00000FF2
INTCON2                           00000FF1
INTCON3                           00000FF0
INTEDG0                           00000006
INTEDG1                           00000005
INTEDG2                           00000004
INTSRC                            00000007
IOFS                              00000002
IPEN                              00000007
IPR1                              00000F9F
IPR2                              00000FA2
IRCF0                             00000004
IRCF1                             00000005
IRCF2                             00000006
IRVST                             00000005
IVRST                             00000005
KBI0                              00000004
KBI1                              00000005
KBI2                              00000006
KBI3                              00000007
KEYCODE                           00000003
KeyScan                           000000E0
LATA                              00000F89
LATA0                             00000000
LATA1                             00000001
LATA2                             00000002
LATA3                             00000003
LATA4                             00000004
LATA5                             00000005
LATA6                             00000006
LATA7                             00000007
LATB                              00000F8A
LATB0                             00000000
LATB1                             00000001
LATB2                             00000002
LATB3                             00000003
LATB4                             00000004
LATB5                             00000005
LATB6                             00000006
LATB7                             00000007
LATC                              00000F8B
LATC0                             00000000
LATC1                             00000001
LATC2                             00000002
LATC3                             00000003
LATC4                             00000004
MPASM  5.51            MINIPROJECT_GROUP7.ASM   11-20-2018  18:05:00         PAGE 18


SYMBOL TABLE
  LABEL                             VALUE 

LATC5                             00000005
LATC6                             00000006
LATC7                             00000007
LATD                              00000F8C
LATD0                             00000000
LATD1                             00000001
LATD2                             00000002
LATD3                             00000003
LATD4                             00000004
LATD5                             00000005
LATD6                             00000006
LATD7                             00000007
LATE                              00000F8D
LATE0                             00000000
LATE1                             00000001
LATE2                             00000002
LVDCON                            00000FD2
LVDEN                             00000004
LVDIE                             00000002
LVDIF                             00000002
LVDIN                             00000005
LVDIP                             00000002
LVDL0                             00000000
LVDL1                             00000001
LVDL2                             00000002
LVDL3                             00000003
LVV0                              00000000
LVV1                              00000001
LVV2                              00000002
LVV3                              00000003
Loop                              000000B8
MCLR                              00000003
Main                              00000004
MainLoop                          00000018
N                                 00000004
NOT_A                             00000005
NOT_ADDRESS                       00000005
NOT_BOR                           00000000
NOT_CS                            00000002
NOT_DONE                          00000001
NOT_MCLR                          00000003
NOT_PD                            00000002
NOT_POR                           00000001
NOT_RBPU                          00000007
NOT_RD                            00000000
NOT_RI                            00000004
NOT_SS                            00000005
NOT_T1SYNC                        00000002
NOT_T3SYNC                        00000002
NOT_TO                            00000003
NOT_W                             00000002
NOT_WR                            00000001
NOT_WRITE                         00000002
MPASM  5.51            MINIPROJECT_GROUP7.ASM   11-20-2018  18:05:00         PAGE 19


SYMBOL TABLE
  LABEL                             VALUE 

OBF                               00000006
OERR                              00000001
OSC1                              00000007
OSC2                              00000006
OSCCON                            00000FD3
OSCFIE                            00000007
OSCFIF                            00000007
OSCFIP                            00000007
OSCTUNE                           00000F9B
OSTS                              00000003
OV                                00000003
Output                            00000122
P                                 00000004
P1A                               00000002
P1B                               00000005
P1C                               00000006
P1D                               00000007
P1M0                              00000006
P1M1                              00000007
PC                                00000FF9
PCFG0                             00000000
PCFG1                             00000001
PCFG2                             00000002
PCFG3                             00000003
PCL                               00000FF9
PCLATH                            00000FFA
PCLATU                            00000FFB
PD                                00000002
PDC0                              00000000
PDC1                              00000001
PDC2                              00000002
PDC3                              00000003
PDC4                              00000004
PDC5                              00000005
PDC6                              00000006
PEIE                              00000006
PEIE_GIEL                         00000006
PEN                               00000002
PGC                               00000006
PGD                               00000007
PGM                               00000005
PIE1                              00000F9D
PIE2                              00000FA0
PIR1                              00000F9E
PIR2                              00000FA1
PLAY                              000000B0
PLAYDELAY                         000000D6
PLAYINSIDE                        000000D0
PLAYSOUND                         00000048
PLLEN                             00000006
PLUSW0                            00000FEB
PLUSW1                            00000FE3
PLUSW2                            00000FDB
MPASM  5.51            MINIPROJECT_GROUP7.ASM   11-20-2018  18:05:00         PAGE 20


SYMBOL TABLE
  LABEL                             VALUE 

POR                               00000001
PORTA                             00000F80
PORTB                             00000F81
PORTC                             00000F82
PORTD                             00000F83
PORTE                             00000F84
POSTDEC0                          00000FED
POSTDEC1                          00000FE5
POSTDEC2                          00000FDD
POSTINC0                          00000FEE
POSTINC1                          00000FE6
POSTINC2                          00000FDE
PR2                               00000FCB
PREINC0                           00000FEC
PREINC1                           00000FE4
PREINC2                           00000FDC
PROD                              00000FF3
PRODH                             00000FF4
PRODL                             00000FF3
PRSEN                             00000007
PSA                               00000003
PSP0                              00000000
PSP1                              00000001
PSP2                              00000002
PSP3                              00000003
PSP4                              00000004
PSP5                              00000005
PSP6                              00000006
PSP7                              00000007
PSPIE                             00000007
PSPIF                             00000007
PSPIP                             00000007
PSPMODE                           00000004
PSSAC0                            00000002
PSSAC1                            00000003
PSSBD0                            00000000
PSSBD1                            00000001
PWM1CON                           00000FB7
R                                 00000002
RA0                               00000000
RA1                               00000001
RA2                               00000002
RA3                               00000003
RA4                               00000004
RA5                               00000005
RA6                               00000006
RA7                               00000007
RB0                               00000000
RB1                               00000001
RB2                               00000002
RB3                               00000003
RB4                               00000004
RB5                               00000005
MPASM  5.51            MINIPROJECT_GROUP7.ASM   11-20-2018  18:05:00         PAGE 21


SYMBOL TABLE
  LABEL                             VALUE 

RB6                               00000006
RB7                               00000007
RBIE                              00000003
RBIF                              00000000
RBIP                              00000000
RBPU                              00000007
RC0                               00000000
RC1                               00000001
RC2                               00000002
RC3                               00000003
RC4                               00000004
RC5                               00000005
RC6                               00000006
RC7                               00000007
RCEN                              00000003
RCIDL                             00000006
RCIE                              00000005
RCIF                              00000005
RCIP                              00000005
RCMT                              00000006
RCON                              00000FD0
RCREG                             00000FAE
RCSTA                             00000FAB
RD                                00000000
RD0                               00000000
RD1                               00000001
RD16                              00000007
RD2                               00000002
RD3                               00000003
RD4                               00000004
RD5                               00000005
RD6                               00000006
RD7                               00000007
RE0                               00000000
RE1                               00000001
RE2                               00000002
RE3                               00000003
RI                                00000004
RSEN                              00000001
RX                                00000007
RX9                               00000006
RX9D                              00000000
RXDTP                             00000005
R_NOT_W                           00000002
R_W                               00000002
S                                 00000003
SBOREN                            00000006
SCK                               00000003
SCKP                              00000004
SCL                               00000003
SCS0                              00000000
SCS1                              00000001
SDA                               00000004
MPASM  5.51            MINIPROJECT_GROUP7.ASM   11-20-2018  18:05:00         PAGE 22


SYMBOL TABLE
  LABEL                             VALUE 

SDI                               00000004
SDO                               00000005
SEN                               00000000
SENDB                             00000003
SMP                               00000007
SOUND                             00000022
SOUND1                            00000138
SOUND10                           0000026A
SOUND10_LOOP                      00000284
SOUND11                           0000028C
SOUND11_LOOP                      000002A6
SOUND12                           000002AE
SOUND12_LOOP                      000002C8
SOUND1_LOOP                       00000152
SOUND2                            0000015A
SOUND2_LOOP                       00000174
SOUND3                            0000017C
SOUND3_LOOP                       00000196
SOUND4                            0000019E
SOUND4_LOOP                       000001B8
SOUND5                            000001C0
SOUND5_LOOP                       000001DA
SOUND6                            000001E2
SOUND6_LOOP                       000001FC
SOUND7                            00000204
SOUND7_LOOP                       0000021E
SOUND8                            00000226
SOUND8_LOOP                       00000240
SOUND9                            00000248
SOUND9_LOOP                       00000262
SP0                               00000000
SP1                               00000001
SP2                               00000002
SP3                               00000003
SP4                               00000004
SPBRG                             00000FAF
SPBRGH                            00000FB0
SPEN                              00000007
SREN                              00000005
SS                                00000005
SSPADD                            00000FC8
SSPBUF                            00000FC9
SSPCON1                           00000FC6
SSPCON2                           00000FC5
SSPEN                             00000005
SSPIE                             00000003
SSPIF                             00000003
SSPIP                             00000003
SSPM0                             00000000
SSPM1                             00000001
SSPM2                             00000002
SSPM3                             00000003
SSPOV                             00000006
MPASM  5.51            MINIPROJECT_GROUP7.ASM   11-20-2018  18:05:00         PAGE 23


SYMBOL TABLE
  LABEL                             VALUE 

SSPSTAT                           00000FC7
START                             0000008A
STATUS                            00000FD8
STKFUL                            00000007
STKOVF                            00000007
STKPTR                            00000FFC
STKUNF                            00000006
STOP                              00000090
STORE                             00000005
SWDTE                             00000000
SWDTEN                            00000000
SYNC                              00000004
T016BIT                           00000006
T08BIT                            00000006
T0CKI                             00000004
T0CON                             00000FD5
T0CS                              00000005
T0IE                              00000005
T0IF                              00000002
T0PS0                             00000000
T0PS1                             00000001
T0PS2                             00000002
T0PS3                             00000003
T0SE                              00000004
T13CKI                            00000000
T1CKI                             00000000
T1CKPS0                           00000004
T1CKPS1                           00000005
T1CON                             00000FCD
T1OSCEN                           00000003
T1OSI                             00000001
T1OSO                             00000000
T1RUN                             00000006
T1SYNC                            00000002
T2CKPS0                           00000000
T2CKPS1                           00000001
T2CON                             00000FCA
T2OUTPS0                          00000003
T2OUTPS1                          00000004
T2OUTPS2                          00000005
T2OUTPS3                          00000006
T3CCP1                            00000003
T3CCP2                            00000006
T3CKPS0                           00000004
T3CKPS1                           00000005
T3CON                             00000FB1
T3SYNC                            00000002
TABLAT                            00000FF5
TBLPTR                            00000FF6
TBLPTRH                           00000FF7
TBLPTRL                           00000FF6
TBLPTRU                           00000FF8
TEMP                              00000004
MPASM  5.51            MINIPROJECT_GROUP7.ASM   11-20-2018  18:05:00         PAGE 24


SYMBOL TABLE
  LABEL                             VALUE 

TMR0                              00000FD6
TMR0H                             00000FD7
TMR0IE                            00000005
TMR0IF                            00000002
TMR0IP                            00000002
TMR0L                             00000FD6
TMR0ON                            00000007
TMR1                              00000FCE
TMR1CS                            00000001
TMR1H                             00000FCF
TMR1IE                            00000000
TMR1IF                            00000000
TMR1IP                            00000000
TMR1L                             00000FCE
TMR1ON                            00000000
TMR2                              00000FCC
TMR2IE                            00000001
TMR2IF                            00000001
TMR2IP                            00000001
TMR2ON                            00000002
TMR3                              00000FB2
TMR3CS                            00000001
TMR3H                             00000FB3
TMR3IE                            00000001
TMR3IF                            00000001
TMR3IP                            00000001
TMR3L                             00000FB2
TMR3ON                            00000000
TO                                00000003
TOS                               00000FFD
TOSH                              00000FFE
TOSL                              00000FFD
TOSU                              00000FFF
TOUTPS0                           00000003
TOUTPS1                           00000004
TOUTPS2                           00000005
TOUTPS3                           00000006
TRISA                             00000F92
TRISA0                            00000000
TRISA1                            00000001
TRISA2                            00000002
TRISA3                            00000003
TRISA4                            00000004
TRISA5                            00000005
TRISA6                            00000006
TRISA7                            00000007
TRISB                             00000F93
TRISB0                            00000000
TRISB1                            00000001
TRISB2                            00000002
TRISB3                            00000003
TRISB4                            00000004
TRISB5                            00000005
MPASM  5.51            MINIPROJECT_GROUP7.ASM   11-20-2018  18:05:00         PAGE 25


SYMBOL TABLE
  LABEL                             VALUE 

TRISB6                            00000006
TRISB7                            00000007
TRISC                             00000F94
TRISC0                            00000000
TRISC1                            00000001
TRISC2                            00000002
TRISC3                            00000003
TRISC4                            00000004
TRISC5                            00000005
TRISC6                            00000006
TRISC7                            00000007
TRISD                             00000F95
TRISD0                            00000000
TRISD1                            00000001
TRISD2                            00000002
TRISD3                            00000003
TRISD4                            00000004
TRISD5                            00000005
TRISD6                            00000006
TRISD7                            00000007
TRISE                             00000F96
TRISE0                            00000000
TRISE1                            00000001
TRISE2                            00000002
TRMT                              00000001
TUN0                              00000000
TUN1                              00000001
TUN2                              00000002
TUN3                              00000003
TUN4                              00000004
TX                                00000006
TX9                               00000006
TX9D                              00000000
TXCKP                             00000004
TXEN                              00000005
TXIE                              00000004
TXIF                              00000004
TXIP                              00000004
TXREG                             00000FAD
TXSTA                             00000FAC
UA                                00000001
VCFG0                             00000004
VCFG1                             00000005
VDIRMAG                           00000007
VPP                               00000003
VREFN                             00000002
VREFP                             00000003
W                                 00000000
WCOL                              00000007
WDTCON                            00000FD1
WR                                00000001
WREG                              00000FE8
WREN                              00000002
MPASM  5.51            MINIPROJECT_GROUP7.ASM   11-20-2018  18:05:00         PAGE 26


SYMBOL TABLE
  LABEL                             VALUE 

WRERR                             00000003
WUE                               00000001
Z                                 00000002
_BOREN_NOSLP_2L                   000000FD
_BOREN_OFF_2L                     000000F9
_BOREN_ON_2L                      000000FB
_BOREN_SBORDIS_2L                 000000FF
_BORV_0_2L                        000000E7
_BORV_1_2L                        000000EF
_BORV_2_2L                        000000F7
_BORV_3_2L                        000000FF
_CCP2MX_PORTBE_3H                 000000FE
_CCP2MX_PORTC_3H                  000000FF
_CONFIG1H                         00300001
_CONFIG2H                         00300003
_CONFIG2L                         00300002
_CONFIG3H                         00300005
_CONFIG4L                         00300006
_CONFIG5H                         00300009
_CONFIG5L                         00300008
_CONFIG6H                         0030000B
_CONFIG6L                         0030000A
_CONFIG7H                         0030000D
_CONFIG7L                         0030000C
_CP0_OFF_5L                       000000FF
_CP0_ON_5L                        000000FE
_CP1_OFF_5L                       000000FF
_CP1_ON_5L                        000000FD
_CP2_OFF_5L                       000000FF
_CP2_ON_5L                        000000FB
_CP3_OFF_5L                       000000FF
_CP3_ON_5L                        000000F7
_CPB_OFF_5H                       000000FF
_CPB_ON_5H                        000000BF
_CPD_OFF_5H                       000000FF
_CPD_ON_5H                        0000007F
_DEBUG_OFF_4L                     000000FF
_DEBUG_ON_4L                      0000007F
_DEVID1                           003FFFFE
_DEVID2                           003FFFFF
_EBTR0_OFF_7L                     000000FF
_EBTR0_ON_7L                      000000FE
_EBTR1_OFF_7L                     000000FF
_EBTR1_ON_7L                      000000FD
_EBTR2_OFF_7L                     000000FF
_EBTR2_ON_7L                      000000FB
_EBTR3_OFF_7L                     000000FF
_EBTR3_ON_7L                      000000F7
_EBTRB_OFF_7H                     000000FF
_EBTRB_ON_7H                      000000BF
_FCMEN_OFF_1H                     000000BF
_FCMEN_ON_1H                      000000FF
_IDLOC0                           00200000
MPASM  5.51            MINIPROJECT_GROUP7.ASM   11-20-2018  18:05:00         PAGE 27


SYMBOL TABLE
  LABEL                             VALUE 

_IDLOC1                           00200001
_IDLOC2                           00200002
_IDLOC3                           00200003
_IDLOC4                           00200004
_IDLOC5                           00200005
_IDLOC6                           00200006
_IDLOC7                           00200007
_IESO_OFF_1H                      0000007F
_IESO_ON_1H                       000000FF
_LPT1OSC_OFF_3H                   000000FB
_LPT1OSC_ON_3H                    000000FF
_LVP_OFF_4L                       000000FB
_LVP_ON_4L                        000000FF
_MCLRE_OFF_3H                     0000007F
_MCLRE_ON_3H                      000000FF
_OSC_ECIO6_1H                     000000F5
_OSC_EC_1H                        000000F4
_OSC_HSPLL_1H                     000000F6
_OSC_HS_1H                        000000F2
_OSC_INTIO67_1H                   000000F8
_OSC_INTIO7_1H                    000000F9
_OSC_LP_1H                        000000F0
_OSC_RCIO6_1H                     000000F7
_OSC_RC_1H                        000000F3
_OSC_XT_1H                        000000F1
_PBADEN_OFF_3H                    000000FD
_PBADEN_ON_3H                     000000FF
_PWRT_OFF_2L                      000000FF
_PWRT_ON_2L                       000000FE
_STVREN_OFF_4L                    000000FE
_STVREN_ON_4L                     000000FF
_WDTPS_1024_2H                    000000F5
_WDTPS_128_2H                     000000EF
_WDTPS_16384_2H                   000000FD
_WDTPS_16_2H                      000000E9
_WDTPS_1_2H                       000000E1
_WDTPS_2048_2H                    000000F7
_WDTPS_256_2H                     000000F1
_WDTPS_2_2H                       000000E3
_WDTPS_32768_2H                   000000FF
_WDTPS_32_2H                      000000EB
_WDTPS_4096_2H                    000000F9
_WDTPS_4_2H                       000000E5
_WDTPS_512_2H                     000000F3
_WDTPS_64_2H                      000000ED
_WDTPS_8192_2H                    000000FB
_WDTPS_8_2H                       000000E7
_WDT_OFF_2H                       000000FE
_WDT_ON_2H                        000000FF
_WRT0_OFF_6L                      000000FF
_WRT0_ON_6L                       000000FE
_WRT1_OFF_6L                      000000FF
_WRT1_ON_6L                       000000FD
MPASM  5.51            MINIPROJECT_GROUP7.ASM   11-20-2018  18:05:00         PAGE 28


SYMBOL TABLE
  LABEL                             VALUE 

_WRT2_OFF_6L                      000000FF
_WRT2_ON_6L                       000000FB
_WRT3_OFF_6L                      000000FF
_WRT3_ON_6L                       000000F7
_WRTB_OFF_6H                      000000FF
_WRTB_ON_6H                       000000BF
_WRTC_OFF_6H                      000000FF
_WRTC_ON_6H                       000000DF
_WRTD_OFF_6H                      000000FF
_WRTD_ON_6H                       0000007F
_XINST_OFF_4L                     000000BF
_XINST_ON_4L                      000000FF
__18F4520                         00000001
__DEBUG                           1
__MPLAB_DEBUGGER_PK3              1
no_input                          0000006E
ret                               00000120


MEMORY USAGE MAP ('X' = Used,  '-' = Unused)

0000 : XXXXXXXXXXXXXXXX XXXXXXXXXXXXXXXX XXXXXXXXXXXXXXXX XXXXXXXXXXXXXXXX
0040 : XXXXXXXXXXXXXXXX XXXXXXXXXXXXXXXX XXXXXXXXXXXXXXXX XXXXXXXXXXXXXXXX
0080 : XXXXXXXXXXXXXXXX XXXXXXXXXXXXXXXX XXXXXXXXXXXXXXXX XXXXXXXXXXXXXXXX
00C0 : XXXXXXXXXXXXXXXX XXXXXXXXXXXXXXXX XXXXXXXXXXXXXXXX XXXXXXXXXXXXXXXX
0100 : XXXXXXXXXXXXXXXX XXXXXXXXXXXXXXXX XXXXXXXXXXXXXXXX XXXXXXXXXXXXXXXX
0140 : XXXXXXXXXXXXXXXX XXXXXXXXXXXXXXXX XXXXXXXXXXXXXXXX XXXXXXXXXXXXXXXX
0180 : XXXXXXXXXXXXXXXX XXXXXXXXXXXXXXXX XXXXXXXXXXXXXXXX XXXXXXXXXXXXXXXX
01C0 : XXXXXXXXXXXXXXXX XXXXXXXXXXXXXXXX XXXXXXXXXXXXXXXX XXXXXXXXXXXXXXXX
0200 : XXXXXXXXXXXXXXXX XXXXXXXXXXXXXXXX XXXXXXXXXXXXXXXX XXXXXXXXXXXXXXXX
0240 : XXXXXXXXXXXXXXXX XXXXXXXXXXXXXXXX XXXXXXXXXXXXXXXX XXXXXXXXXXXXXXXX
0280 : XXXXXXXXXXXXXXXX XXXXXXXXXXXXXXXX XXXXXXXXXXXXXXXX XXXXXXXXXXXXXXXX
02C0 : XXXXXXXXXXXXXXXX XXXXXXXXXXXXXXXX ---------------- ----------------
0000 : -XXX-XX-XXXXXX-- ---------------- ---------------- ----------------

All other memory blocks unused.

Program Memory Bytes Used:   747
Program Memory Bytes Free: 32021


Errors   :     0
Warnings :   168 reported,     0 suppressed
Messages :     0 reported,     0 suppressed

